
> multilingual-communication-assistant-frontend@0.1.0 format:check
> prettier --check "src/**/*.{ts,tsx,css}"

Checking formatting...
All matched files use Prettier code style!

> multilingual-communication-assistant-frontend@0.1.0 lint
> eslint . --max-warnings 0


> multilingual-communication-assistant-frontend@0.1.0 test
> vitest --run


[1m[7m[36m RUN [39m[27m[22m [36mv2.1.9 [39m[90mC:/Users/faizan/.cline/data/workspaces/chat/multilingual-communication-assistant/frontend[39m

 [32m✓[39m src/services/api.test.ts [2m([22m[2m7 tests[22m[2m)[22m[90m 58[2mms[22m[39m
 [32m✓[39m src/components/VerificationTable.test.tsx [2m([22m[2m6 tests[22m[2m)[22m[33m 1043[2mms[22m[39m
   [33m[2m✓[22m[39m VerificationTable[2m > [22mrenders the overall status and the summary counts [33m550[2mms[22m[39m
 [32m✓[39m src/components/LanguageSelector.test.tsx [2m([22m[2m6 tests[22m[2m)[22m[33m 1094[2mms[22m[39m
   [33m[2m✓[22m[39m LanguageSelector[2m > [22mrenders every registered target language [33m334[2mms[22m[39m
   [33m[2m✓[22m[39m LanguageSelector[2m > [22madds a language when its checkbox is toggled [33m471[2mms[22m[39m
 [32m✓[39m src/components/RewriteResult.test.tsx [2m([22m[2m7 tests[22m[2m)[22m[33m 546[2mms[22m[39m

[2m Test Files [22m [1m[32m4 passed[39m[22m[90m (4)[39m
[2m      Tests [22m [1m[32m26 passed[39m[22m[90m (26)[39m
[2m   Start at [22m 20:04:11
[2m   Duration [22m 21.00s[2m (transform 897ms, setup 5.87s, collect 2.31s, tests 2.74s, environment 25.94s, prepare 2.12s)[22m


> multilingual-communication-assistant-frontend@0.1.0 build
> tsc --noEmit && vite build

[36mvite v5.4.21 [32mbuilding for production...[36m[39m
transforming...
[32m✓[39m 49 modules transformed.
rendering chunks...
computing gzip size...
[2mdist/[22m[32mindex.html                 [39m[1m[2m  0.60 kB[22m[1m[22m[2m │ gzip:  0.35 kB[22m
[2mdist/[22m[35massets/index-DLwrEYqy.css  [39m[1m[2m 21.32 kB[22m[1m[22m[2m │ gzip:  4.25 kB[22m
[2mdist/[22m[36massets/index-BPm56E0p.js   [39m[1m[2m207.10 kB[22m[1m[22m[2m │ gzip: 64.59 kB[22m
[32m✓ built in 6.12s[39m
ALL_GREEN  
